// Jest Snapshot v1, https://goo.gl/fbAQLP

exports[`CategoryCard should render successfully 1`] = `
<a
  className="h-full flex flex-col hover:(underline) focus:(underline)"
  href="/s?c=1"
  onClick={[Function]}
  onMouseEnter={[Function]}
>
  <div
    className="w-full relative bg-gray-100 category-card-aspect"
  >
    Next image stub
  </div>
  <div
    className="p-5 flex flex-col flex-1 gap-4 bg-blue-400 sm:(p-8 gap-8)"
  >
    <h3
      className="font-bold text-xl leading-relaxed sm:(text-2xl)"
    >
      Lorem ipsum dolor sit amet, consectetur adipisicing elit.
    </h3>
    <button
      className="inline-block cursor-pointer transform-gpu transition-all active:scale-92 rounded-full p-3 bg-black text-white hover:(bg-dark-400) w-max mt-auto"
      title="go to undefined category"
    >
      <div
        aria-hidden="true"
        className="h-6 w-6 relative sm:(h-8 w-8)"
      >
        Next image stub
      </div>
    </button>
  </div>
</a>
`;
